BEGIN;
CREATE EXTENSION pg_check;
CREATE TABLE test_table (
    id      INT PRIMARY KEY,
    id2     INT
);
NOTICE:  CREATE TABLE / PRIMARY KEY will create implicit index "test_table_pkey" for table "test_table"
INSERT INTO test_table SELECT i, i FROM generate_series(1,10000) s(i);
UPDATE test_table SET id2 = -id2;
SELECT pg_check_table('test_table', true, true);
NOTICE:  checking index: test_table_pkey
 pg_check_table 
----------------
              0
(1 row)

DROP TABLE test_table;
ROLLBACK;
